Vivado Simulator v2022.2
Copyright 1986-1999, 2001-2022 Xilinx, Inc. All Rights Reserved.
Running: C:/Xilinx/Vivado/2022.2/bin/unwrapped/win64.o/xelab.exe --incr --debug typical --relax --mt 2 -L xil_defaultlib -L uvm -L unisims_ver -L unimacro_ver -L secureip --snapshot conv_tb_behav xil_defaultlib.conv_tb xil_defaultlib.glbl -log elaborate.log 
Using 2 slave threads.
Starting static elaboration
Pass Through NonSizing Optimizer
WARNING: [VRFC 10-8864] concatenation with an unsized literal will be treated as 32 bits [C:/Users/lewis/Documents/Vivado_Projects/CNN/helper.sv:7]
WARNING: [VRFC 10-8864] concatenation with an unsized literal will be treated as 32 bits [C:/Users/lewis/Documents/Vivado_Projects/CNN/helper.sv:8]
Completed static elaboration
Starting simulation data flow analysis
WARNING: [XSIM 43-4100] "C:/Users/lewis/Documents/Vivado_Projects/CNN/CNN.sim/sim_1/behav/xsim/glbl.v" Line 6. Module glbl has a timescale but at least one module in design doesn't have timescale.
WARNING: [XSIM 43-4100] "C:/Users/lewis/Documents/Vivado_Projects/CNN/CNN.sim/sim_1/behav/xsim/glbl.v" Line 6. Module glbl has a timescale but at least one module in design doesn't have timescale.
Completed simulation data flow analysis
Time Resolution for simulation is 1ps
Compiling package xil_defaultlib.helper
Compiling package xil_defaultlib.$unit_helper_sv_148156927
Compiling package std.std
Compiling module xil_defaultlib.conv_if
Compiling module xil_defaultlib.tapped_shift_reg(LEN=28,WIDTH=18...
Compiling module xil_defaultlib.conv(SRC_SIZE=28,KERNEL_SIZE=5,F...
Compiling module xil_defaultlib.conv_tb
Compiling module xil_defaultlib.glbl
Built simulation snapshot conv_tb_behav
